
> Configure project :module
Use ccache: /usr/bin/ccache
WARNING: We recommend using a newer Android Gradle plugin to use compileSdk = 35

This Android Gradle plugin (8.5.1) was tested up to compileSdk = 34.

You are strongly encouraged to update your project to use a newer
Android Gradle plugin that has been tested with compileSdk = 35.

If you are already using the latest version of the Android Gradle plugin,
you may need to wait until a newer version with support for compileSdk = 35 is available.

For more information refer to the compatibility table:
https://d.android.com/r/tools/api-level-support

To suppress this warning, add/update
    android.suppressUnsupportedCompileSdk=36,35
to this project's gradle.properties.

> Task :encryptor-app:preBuild UP-TO-DATE
> Task :encryptor-app:preDebugBuild UP-TO-DATE
> Task :encryptor-app:mergeDebugNativeDebugMetadata NO-SOURCE
> Task :encryptor-app:checkKotlinGradlePluginConfigurationErrors SKIPPED
> Task :encryptor-app:checkDebugAarMetadata UP-TO-DATE
> Task :encryptor-app:generateDebugResValues UP-TO-DATE
> Task :encryptor-app:mapDebugSourceSetPaths UP-TO-DATE
> Task :encryptor-app:generateDebugResources UP-TO-DATE
> Task :encryptor-app:mergeDebugResources UP-TO-DATE
> Task :encryptor-app:packageDebugResources UP-TO-DATE
> Task :encryptor-app:parseDebugLocalResources UP-TO-DATE
> Task :encryptor-app:createDebugCompatibleScreenManifests UP-TO-DATE
> Task :encryptor-app:extractDeepLinksDebug UP-TO-DATE
> Task :encryptor-app:processDebugMainManifest UP-TO-DATE
> Task :encryptor-app:processDebugManifest UP-TO-DATE
> Task :encryptor-app:processDebugManifestForPackage UP-TO-DATE
> Task :encryptor-app:processDebugResources UP-TO-DATE
> Task :encryptor-app:compileDebugKotlin UP-TO-DATE
> Task :encryptor-app:javaPreCompileDebug UP-TO-DATE
> Task :encryptor-app:compileDebugJavaWithJavac NO-SOURCE
> Task :encryptor-app:mergeDebugShaders UP-TO-DATE
> Task :encryptor-app:compileDebugShaders NO-SOURCE
> Task :encryptor-app:generateDebugAssets UP-TO-DATE
> Task :encryptor-app:mergeDebugAssets UP-TO-DATE
> Task :encryptor-app:compressDebugAssets UP-TO-DATE
> Task :encryptor-app:processDebugJavaRes UP-TO-DATE
> Task :encryptor-app:mergeDebugJavaResource UP-TO-DATE
> Task :encryptor-app:checkDebugDuplicateClasses UP-TO-DATE
> Task :encryptor-app:desugarDebugFileDependencies UP-TO-DATE
> Task :encryptor-app:mergeDebugStartupProfile UP-TO-DATE
> Task :encryptor-app:mergeExtDexDebug UP-TO-DATE
> Task :encryptor-app:mergeLibDexDebug UP-TO-DATE
> Task :encryptor-app:dexBuilderDebug UP-TO-DATE
> Task :encryptor-app:mergeProjectDexDebug UP-TO-DATE
> Task :encryptor-app:mergeDebugJniLibFolders UP-TO-DATE
> Task :encryptor-app:mergeDebugNativeLibs NO-SOURCE
> Task :encryptor-app:stripDebugDebugSymbols NO-SOURCE
> Task :encryptor-app:validateSigningDebug UP-TO-DATE
> Task :encryptor-app:writeDebugAppMetadata UP-TO-DATE
> Task :encryptor-app:writeDebugSigningConfigVersions UP-TO-DATE
> Task :encryptor-app:packageDebug UP-TO-DATE
> Task :encryptor-app:createDebugApkListingFileRedirect UP-TO-DATE
> Task :encryptor-app:assembleDebug UP-TO-DATE

BUILD SUCCESSFUL in 2s
33 actionable tasks: 33 up-to-date
